============================= test session starts ==============================
platform darwin -- Python 3.13.3, pytest-8.3.5, pluggy-1.5.0
PySide6 6.9.0 -- Qt runtime 6.9.0 -- Qt compiled 6.9.0
rootdir: /Volumes/My Passport/Proyectos/basico
configfile: pytest.ini
plugins: qt-4.4.0, anyio-4.9.0, asyncio-0.26.0, cov-6.1.1
asyncio: mode=Mode.STRICT, asyncio_default_fixture_loop_scope=function, asyncio_default_test_loop_scope=function
collected 1 item

test_real_files.py .                                                     [100%]

========================= 1 passed in 82.16s (0:01:22) =========================
